Loading Diffusion Policy from lerobot/diffusion_pusht...
WARNING:root:Unexpected key(s) when loading model: ['normalize_inputs.buffer_observation_image.mean', 'normalize_inputs.buffer_observation_image.std', 'normalize_inputs.buffer_observation_state.max', 'normalize_inputs.buffer_observation_state.min', 'normalize_targets.buffer_action.max', 'normalize_targets.buffer_action.min', 'unnormalize_outputs.buffer_action.max', 'unnormalize_outputs.buffer_action.min']
  Loaded: 262,709,026 params on cuda
/usr/local/lib/python3.10/dist-packages/pygame/pkgdata.py:25: UserWarning: pkg_resources is deprecated as an API. See https://setuptools.pypa.io/en/latest/pkg_resources.html. The pkg_resources package is slated for removal as early as 2025-11-30. Refrain from using this package or pin to Setuptools<81.
  from pkg_resources import resource_stream, resource_exists
  Sanity: action=[0.81 1.  ], range=[0.8, 1.0]
  NORMALIZED
  Action unnorm: min=[12. 25.], max=[511. 511.]
  State norm: min=[13.5 32.9], max=[496.1 511. ]

==================================================
  no_contract (200 episodes)
==================================================
  Ep  0: -- | cov=0.948 | viol=  0 | 55.8s
  Ep  1: OK | cov=0.952 | viol=  0 | 42.8s
  Ep  2: OK | cov=0.955 | viol=  0 | 22.1s
  Ep  3: OK | cov=0.974 | viol=  0 | 28.0s
  Ep  4: OK | cov=0.951 | viol=  0 | 26.6s
  Ep  5: -- | cov=0.929 | viol=  0 | 56.1s
  Ep  6: OK | cov=0.952 | viol=  0 | 22.1s
  Ep  7: OK | cov=0.957 | viol=  0 | 38.4s
  Ep  8: OK | cov=0.962 | viol=  0 | 29.4s
  Ep  9: OK | cov=0.951 | viol=  0 | 51.6s
  Ep 10: OK | cov=0.978 | viol=  0 | 53.1s
  Ep 11: -- | cov=0.557 | viol=  0 | 56.1s
  Ep 12: -- | cov=0.622 | viol=  0 | 56.1s
  Ep 13: -- | cov=0.528 | viol=  0 | 56.1s
  Ep 14: OK | cov=0.955 | viol=  0 | 36.9s
  Ep 15: OK | cov=0.955 | viol=  0 | 31.0s
  Ep 16: -- | cov=0.609 | viol=  0 | 31.7s
  Ep 17: -- | cov=0.913 | viol=  0 | 31.9s
  Ep 18: OK | cov=0.988 | viol=  0 | 17.8s
  Ep 19: -- | cov=0.947 | viol=  0 | 31.1s
  Ep 20: -- | cov=0.504 | viol=  0 | 31.3s
  Ep 21: -- | cov=0.925 | viol=  0 | 31.1s
  Ep 22: OK | cov=0.963 | viol=  0 | 22.1s
  Ep 23: -- | cov=0.649 | viol=  0 | 30.8s
  Ep 24: OK | cov=0.962 | viol=  0 | 13.7s
  Ep 25: OK | cov=0.952 | viol=  0 | 25.3s
  Ep 26: OK | cov=0.970 | viol=  0 | 18.3s
  Ep 27: OK | cov=0.976 | viol=  0 | 14.1s
  Ep 28: OK | cov=0.957 | viol=  0 | 24.9s
  Ep 29: OK | cov=0.952 | viol=  0 | 10.7s
  Ep 30: -- | cov=0.684 | viol=  0 | 31.4s
  Ep 31: -- | cov=0.652 | viol=  0 | 31.9s
  Ep 32: -- | cov=0.937 | viol=  0 | 31.7s
  Ep 33: -- | cov=0.524 | viol=  0 | 31.5s
  Ep 34: OK | cov=0.954 | viol=  0 | 18.6s
  Ep 35: OK | cov=0.978 | viol=  0 | 22.6s
  Ep 36: OK | cov=0.959 | viol=  0 | 19.5s
  Ep 37: OK | cov=0.964 | viol=  0 | 27.6s
  Ep 38: OK | cov=0.952 | viol=  0 | 30.6s
  Ep 39: OK | cov=0.958 | viol=  0 | 22.1s
  Ep 40: OK | cov=0.956 | viol=  0 | 26.1s
  Ep 41: OK | cov=0.954 | viol=  0 | 18.0s
  Ep 42: OK | cov=0.951 | viol=  0 | 17.1s
  Ep 43: -- | cov=0.519 | viol=  0 | 31.5s
  Ep 44: OK | cov=0.953 | viol=  0 | 15.6s
  Ep 45: -- | cov=0.521 | viol=  0 | 32.0s
  Ep 46: OK | cov=0.965 | viol=  0 | 20.7s
  Ep 47: -- | cov=0.943 | viol=  0 | 31.4s
  Ep 48: OK | cov=0.950 | viol=  0 | 14.0s
  Ep 49: OK | cov=0.954 | viol=  0 | 26.4s
  Ep 50: -- | cov=0.940 | viol=  0 | 31.5s
  Ep 51: -- | cov=0.930 | viol=  0 | 33.0s
  Ep 52: OK | cov=0.961 | viol=  0 | 19.8s
  Ep 53: OK | cov=0.950 | viol=  0 | 28.4s
  Ep 54: -- | cov=0.904 | viol=  0 | 31.5s
  Ep 55: -- | cov=0.944 | viol=  0 | 32.3s
  Ep 56: OK | cov=0.958 | viol=  0 | 26.1s
  Ep 57: OK | cov=0.968 | viol=  0 | 20.0s
  Ep 58: -- | cov=0.684 | viol=  0 | 32.1s
  Ep 59: OK | cov=0.956 | viol=  0 | 17.7s
  Ep 60: OK | cov=0.955 | viol=  0 | 23.6s
  Ep 61: OK | cov=0.959 | viol=  0 | 29.2s
  Ep 62: OK | cov=0.956 | viol=  0 | 28.5s
  Ep 63: -- | cov=0.608 | viol=  0 | 31.2s
  Ep 64: OK | cov=0.961 | viol=  0 | 21.7s
  Ep 65: OK | cov=0.957 | viol=  0 | 16.3s
  Ep 66: -- | cov=0.947 | viol=  0 | 31.0s
  Ep 67: OK | cov=0.959 | viol=  0 | 15.7s
  Ep 68: -- | cov=0.918 | viol=  0 | 31.1s
  Ep 69: -- | cov=0.537 | viol=  0 | 31.7s
  Ep 70: -- | cov=0.945 | viol=  0 | 31.0s
  Ep 71: OK | cov=0.955 | viol=  0 | 29.8s
  Ep 72: OK | cov=0.955 | viol=  0 | 24.2s
  Ep 73: -- | cov=0.950 | viol=  0 | 32.3s
  Ep 74: -- | cov=0.948 | viol=  0 | 32.2s
  Ep 75: OK | cov=0.960 | viol=  0 | 22.1s
  Ep 76: OK | cov=0.968 | viol=  0 | 26.0s
  Ep 77: -- | cov=0.943 | viol=  0 | 33.1s
  Ep 78: OK | cov=0.952 | viol=  0 | 15.6s
  Ep 79: -- | cov=0.868 | viol=  0 | 31.5s
  Ep 80: OK | cov=0.952 | viol=  0 | 22.6s
  Ep 81: OK | cov=0.959 | viol=  0 | 27.7s
  Ep 82: OK | cov=0.974 | viol=  0 | 16.5s
  Ep 83: -- | cov=0.435 | viol=  0 | 32.8s
  Ep 84: -- | cov=0.941 | viol=  0 | 31.8s
  Ep 85: OK | cov=0.951 | viol=  0 | 16.6s
  Ep 86: OK | cov=0.952 | viol=  0 | 8.8s
  Ep 87: -- | cov=0.620 | viol=  0 | 32.8s
  Ep 88: OK | cov=0.954 | viol=  0 | 19.7s
  Ep 89: OK | cov=0.958 | viol=  0 | 15.7s
  Ep 90: -- | cov=0.925 | viol=  0 | 31.4s
  Ep 91: -- | cov=0.677 | viol=  0 | 33.1s
  Ep 92: -- | cov=0.638 | viol=  0 | 31.2s
  Ep 93: -- | cov=0.944 | viol=  0 | 31.8s
  Ep 94: -- | cov=0.916 | viol=  0 | 32.4s
  Ep 95: OK | cov=0.961 | viol=  0 | 24.3s
  Ep 96: -- | cov=0.934 | viol=  0 | 32.2s
  Ep 97: -- | cov=0.944 | viol=  0 | 31.2s
  Ep 98: -- | cov=0.930 | viol=  0 | 31.5s
  Ep 99: -- | cov=0.928 | viol=  0 | 33.6s
  Ep 100: OK | cov=0.978 | viol=  0 | 26.0s
  Ep 101: -- | cov=0.949 | viol=  0 | 32.3s
  Ep 102: OK | cov=0.957 | viol=  0 | 23.5s
  Ep 103: -- | cov=0.566 | viol=  0 | 32.7s
  Ep 104: OK | cov=0.952 | viol=  0 | 28.8s
  Ep 105: OK | cov=0.959 | viol=  0 | 18.9s
  Ep 106: -- | cov=0.925 | viol=  0 | 36.7s
  Ep 107: -- | cov=0.662 | viol=  0 | 34.4s
  Ep 108: OK | cov=0.951 | viol=  0 | 22.4s
  Ep 109: OK | cov=0.951 | viol=  0 | 30.9s
  Ep 110: -- | cov=0.929 | viol=  0 | 31.1s
  Ep 111: -- | cov=0.906 | viol=  0 | 31.4s
  Ep 112: OK | cov=0.955 | viol=  0 | 12.9s
  Ep 113: OK | cov=0.952 | viol=  0 | 15.3s
  Ep 114: OK | cov=0.954 | viol=  0 | 17.9s
  Ep 115: OK | cov=0.962 | viol=  0 | 18.5s
  Ep 116: OK | cov=0.950 | viol=  0 | 19.2s
  Ep 117: -- | cov=0.930 | viol=  0 | 34.0s
  Ep 118: -- | cov=0.948 | viol=  0 | 31.7s
  Ep 119: OK | cov=0.962 | viol=  0 | 22.2s
  Ep 120: OK | cov=0.952 | viol=  0 | 28.2s
  Ep 121: -- | cov=0.612 | viol=  0 | 33.3s
  Ep 122: OK | cov=0.952 | viol=  0 | 15.9s
  Ep 123: OK | cov=0.950 | viol=  0 | 16.1s
  Ep 124: OK | cov=0.963 | viol=  0 | 12.4s
  Ep 125: OK | cov=0.959 | viol=  0 | 9.1s
  Ep 126: -- | cov=0.901 | viol=  0 | 33.1s
  Ep 127: OK | cov=0.960 | viol=  0 | 11.2s
  Ep 128: -- | cov=0.946 | viol=  0 | 33.9s
  Ep 129: OK | cov=0.956 | viol=  0 | 18.0s
  Ep 130: OK | cov=0.953 | viol=  0 | 23.8s
  Ep 131: OK | cov=0.957 | viol=  0 | 25.1s
  Ep 132: OK | cov=0.969 | viol=  0 | 20.8s
  Ep 133: OK | cov=0.951 | viol=  0 | 11.3s
  Ep 134: -- | cov=0.929 | viol=  0 | 32.6s
  Ep 135: OK | cov=0.951 | viol=  0 | 22.4s
  Ep 136: OK | cov=0.953 | viol=  0 | 14.9s
  Ep 137: OK | cov=0.951 | viol=  0 | 11.1s
  Ep 138: OK | cov=0.953 | viol=  0 | 28.3s
  Ep 139: OK | cov=0.955 | viol=  0 | 18.3s
  Ep 140: OK | cov=0.952 | viol=  0 | 11.6s
  Ep 141: OK | cov=0.950 | viol=  0 | 8.3s
  Ep 142: OK | cov=0.959 | viol=  0 | 21.0s
  Ep 143: OK | cov=0.955 | viol=  0 | 12.4s
  Ep 144: OK | cov=0.967 | viol=  0 | 12.1s
  Ep 145: OK | cov=0.969 | viol=  0 | 31.6s
  Ep 146: OK | cov=0.956 | viol=  0 | 16.7s
  Ep 147: -- | cov=0.935 | viol=  0 | 32.4s
  Ep 148: -- | cov=0.926 | viol=  0 | 32.2s
  Ep 149: OK | cov=0.952 | viol=  0 | 30.7s
  Ep 150: OK | cov=0.957 | viol=  0 | 13.0s
  Ep 151: OK | cov=0.956 | viol=  0 | 18.0s
  Ep 152: OK | cov=0.951 | viol=  0 | 19.5s
  Ep 153: OK | cov=0.952 | viol=  0 | 29.1s
  Ep 154: -- | cov=0.489 | viol=  0 | 31.1s
  Ep 155: -- | cov=0.949 | viol=  0 | 32.9s
  Ep 156: -- | cov=0.666 | viol=  0 | 32.4s
  Ep 157: OK | cov=0.977 | viol=  0 | 13.9s
  Ep 158: OK | cov=0.966 | viol=  0 | 14.2s
  Ep 159: OK | cov=0.953 | viol=  0 | 19.4s
  Ep 160: OK | cov=0.950 | viol=  0 | 23.0s
  Ep 161: -- | cov=0.666 | viol=  0 | 33.3s
  Ep 162: OK | cov=0.958 | viol=  0 | 20.5s
  Ep 163: -- | cov=0.949 | viol=  0 | 31.9s
  Ep 164: -- | cov=0.885 | viol=  0 | 33.0s
  Ep 165: -- | cov=0.739 | viol=  0 | 32.6s
  Ep 166: OK | cov=0.974 | viol=  0 | 12.3s
  Ep 167: -- | cov=0.938 | viol=  0 | 33.1s
  Ep 168: -- | cov=0.691 | viol=  0 | 31.4s
  Ep 169: -- | cov=0.534 | viol=  0 | 32.0s
  Ep 170: -- | cov=0.944 | viol=  0 | 31.2s
  Ep 171: OK | cov=0.964 | viol=  0 | 15.9s
  Ep 172: -- | cov=0.921 | viol=  0 | 31.5s
  Ep 173: OK | cov=0.961 | viol=  0 | 13.8s
  Ep 174: -- | cov=0.909 | viol=  0 | 32.6s
  Ep 175: -- | cov=0.945 | viol=  0 | 30.9s
  Ep 176: -- | cov=0.933 | viol=  0 | 33.0s
  Ep 177: -- | cov=0.559 | viol=  0 | 32.4s
  Ep 178: OK | cov=0.972 | viol=  0 | 17.0s
  Ep 179: -- | cov=0.586 | viol=  0 | 32.5s
  Ep 180: OK | cov=0.954 | viol=  0 | 17.3s
  Ep 181: OK | cov=0.953 | viol=  0 | 31.7s
  Ep 182: OK | cov=0.969 | viol=  0 | 24.2s
  Ep 183: -- | cov=0.939 | viol=  0 | 31.3s
  Ep 184: OK | cov=0.954 | viol=  0 | 19.6s
  Ep 185: OK | cov=0.951 | viol=  0 | 18.1s
  Ep 186: -- | cov=0.943 | viol=  0 | 31.5s
  Ep 187: OK | cov=0.956 | viol=  0 | 24.8s
  Ep 188: OK | cov=0.956 | viol=  0 | 29.3s
  Ep 189: -- | cov=0.947 | viol=  0 | 32.1s
  Ep 190: -- | cov=0.627 | viol=  0 | 32.1s
  Ep 191: -- | cov=0.944 | viol=  0 | 32.6s
  Ep 192: OK | cov=0.961 | viol=  0 | 11.6s
  Ep 193: OK | cov=0.951 | viol=  0 | 29.2s
  Ep 194: OK | cov=0.954 | viol=  0 | 24.4s
  Ep 195: -- | cov=0.907 | viol=  0 | 31.0s
  Ep 196: -- | cov=0.583 | viol=  0 | 32.6s
  Ep 197: -- | cov=0.919 | viol=  0 | 34.8s
  Ep 198: OK | cov=0.960 | viol=  0 | 18.7s
  Ep 199: -- | cov=0.924 | viol=  0 | 33.7s
  Saved partial results (no_contract done)

==================================================
  with_contract (200 episodes)
==================================================
  Ep  0: -- | cov=0.922 | viol=  0 | 35.3s
  Ep  1: -- | cov=0.892 | viol=  8 | 34.2s
  Ep  2: OK | cov=0.952 | viol=  2 | 11.2s
  Ep  3: OK | cov=0.958 | viol=  8 | 18.2s
  Ep  4: OK | cov=0.951 | viol=  3 | 18.3s
  Ep  5: OK | cov=0.951 | viol=  5 | 23.5s
  Ep  6: -- | cov=0.919 | viol=  4 | 40.8s
  Ep  7: -- | cov=0.949 | viol=  6 | 42.0s
  Ep  8: OK | cov=0.952 | viol=  0 | 17.5s
  Ep  9: -- | cov=0.912 | viol=  1 | 36.2s
  Ep 10: OK | cov=0.955 | viol=  1 | 22.2s
  Ep 11: -- | cov=0.541 | viol=  0 | 34.1s
  Ep 12: OK | cov=0.955 | viol=  7 | 34.1s
  Ep 13: -- | cov=0.489 | viol=  1 | 36.3s
  Ep 14: OK | cov=0.967 | viol=  3 | 24.7s
  Ep 15: OK | cov=0.950 | viol=  1 | 31.0s
  Ep 16: OK | cov=0.973 | viol=  2 | 33.9s
  Ep 17: -- | cov=0.928 | viol=  0 | 39.0s
  Ep 18: OK | cov=0.966 | viol=  2 | 19.2s
  Ep 19: OK | cov=0.956 | viol=  3 | 12.4s
  Ep 20: -- | cov=0.479 | viol=  0 | 36.2s
  Ep 21: -- | cov=0.941 | viol=  5 | 34.6s
  Ep 22: OK | cov=0.958 | viol=  1 | 23.7s
  Ep 23: -- | cov=0.662 | viol=  1 | 34.7s
  Ep 24: OK | cov=0.970 | viol=  6 | 11.2s
  Ep 25: -- | cov=0.948 | viol=  4 | 36.7s
  Ep 26: OK | cov=0.952 | viol=  2 | 18.0s
  Ep 27: OK | cov=0.979 | viol=  2 | 18.1s
  Ep 28: -- | cov=0.928 | viol=  9 | 37.3s
  Ep 29: -- | cov=0.945 | viol=  6 | 33.7s
  Ep 30: -- | cov=0.551 | viol=  0 | 32.4s
  Ep 31: -- | cov=0.666 | viol=  0 | 32.1s
  Ep 32: OK | cov=0.950 | viol=  5 | 28.5s
  Ep 33: OK | cov=0.959 | viol=  5 | 32.7s
  Ep 34: OK | cov=0.953 | viol=  2 | 9.9s
  Ep 35: OK | cov=0.959 | viol=  0 | 18.6s
  Ep 36: -- | cov=0.849 | viol=  4 | 31.7s
  Ep 37: OK | cov=0.954 | viol=  8 | 30.1s
  Ep 38: -- | cov=0.919 | viol=  1 | 32.4s
  Ep 39: -- | cov=0.919 | viol= 12 | 32.3s
  Ep 40: OK | cov=0.967 | viol=  2 | 16.1s
  Ep 41: OK | cov=0.977 | viol=  3 | 18.6s
  Ep 42: -- | cov=0.948 | viol=  5 | 32.5s
  Ep 43: -- | cov=0.817 | viol=  6 | 31.4s
  Ep 44: OK | cov=0.962 | viol=  4 | 15.1s
  Ep 45: -- | cov=0.553 | viol=  0 | 32.3s
  Ep 46: -- | cov=0.925 | viol=  2 | 31.6s
  Ep 47: OK | cov=0.951 | viol=  0 | 19.3s
  Ep 48: OK | cov=0.965 | viol=  2 | 15.3s
  Ep 49: -- | cov=0.934 | viol=  0 | 36.9s
  Ep 50: OK | cov=0.958 | viol=  7 | 26.9s
  Ep 51: -- | cov=0.940 | viol= 11 | 31.3s
  Ep 52: OK | cov=0.963 | viol=  2 | 32.1s
  Ep 53: -- | cov=0.929 | viol=  2 | 31.7s
  Ep 54: -- | cov=0.949 | viol=  1 | 32.9s
  Ep 55: OK | cov=0.953 | viol=  5 | 17.7s
  Ep 56: -- | cov=0.936 | viol=  4 | 32.9s
  Ep 57: -- | cov=0.895 | viol=  8 | 32.8s
  Ep 58: -- | cov=0.650 | viol=  0 | 32.5s
  Ep 59: OK | cov=0.953 | viol=  5 | 21.1s
  Ep 60: OK | cov=0.969 | viol=  1 | 16.1s
  Ep 61: -- | cov=0.460 | viol=  1 | 32.0s
  Ep 62: -- | cov=0.388 | viol=  0 | 31.9s
  Ep 63: OK | cov=0.977 | viol=  5 | 17.5s
  Ep 64: -- | cov=0.950 | viol=  5 | 31.8s
  Ep 65: OK | cov=0.960 | viol=  4 | 18.3s
  Ep 66: OK | cov=0.961 | viol=  0 | 8.5s
  Ep 67: OK | cov=0.950 | viol=  2 | 10.1s
  Ep 68: OK | cov=0.969 | viol=  2 | 21.7s
  Ep 69: -- | cov=0.865 | viol= 12 | 31.6s
  Ep 70: -- | cov=0.914 | viol=  4 | 33.3s
  Ep 71: -- | cov=0.931 | viol=  9 | 32.7s
  Ep 72: -- | cov=0.920 | viol= 12 | 31.1s
  Ep 73: -- | cov=0.947 | viol=  6 | 32.0s
  Ep 74: OK | cov=0.967 | viol= 11 | 25.1s
  Ep 75: OK | cov=0.962 | viol=  0 | 12.3s
  Ep 76: -- | cov=0.893 | viol= 14 | 33.8s
  Ep 77: OK | cov=0.953 | viol=  1 | 31.9s
  Ep 78: -- | cov=0.925 | viol= 12 | 31.3s
  Ep 79: -- | cov=0.943 | viol=  4 | 33.4s
  Ep 80: -- | cov=0.310 | viol=  1 | 33.3s
  Ep 81: -- | cov=0.950 | viol=  8 | 31.6s
  Ep 82: OK | cov=0.955 | viol=  3 | 16.3s
  Ep 83: -- | cov=0.472 | viol=  0 | 31.5s
  Ep 84: OK | cov=0.963 | viol=  8 | 28.6s
  Ep 85: OK | cov=0.954 | viol=  6 | 20.0s
  Ep 86: OK | cov=0.959 | viol=  4 | 30.5s
  Ep 87: OK | cov=0.958 | viol=  1 | 20.9s
  Ep 88: OK | cov=0.953 | viol=  3 | 23.1s
  Ep 89: OK | cov=0.952 | viol= 11 | 24.8s
  Ep 90: OK | cov=0.950 | viol=  0 | 12.6s
  Ep 91: OK | cov=0.965 | viol=  1 | 16.9s
  Ep 92: OK | cov=0.964 | viol=  1 | 32.3s
  Ep 93: OK | cov=0.965 | viol=  2 | 24.5s
  Ep 94: OK | cov=0.967 | viol=  1 | 20.6s
  Ep 95: OK | cov=0.967 | viol=  1 | 13.5s
  Ep 96: -- | cov=0.936 | viol=  1 | 32.5s
  Ep 97: OK | cov=0.964 | viol=  5 | 15.8s
  Ep 98: -- | cov=0.948 | viol=  9 | 34.2s
  Ep 99: OK | cov=0.951 | viol=  0 | 13.4s
  Ep 100: OK | cov=0.950 | viol=  0 | 21.1s
  Ep 101: -- | cov=0.931 | viol=  4 | 32.8s
  Ep 102: -- | cov=0.942 | viol=  1 | 36.3s
  Ep 103: -- | cov=0.605 | viol=  1 | 33.0s
  Ep 104: OK | cov=0.950 | viol=  1 | 14.7s
  Ep 105: OK | cov=0.959 | viol=  3 | 17.5s
  Ep 106: OK | cov=0.957 | viol=  0 | 17.6s
  Ep 107: -- | cov=0.917 | viol=  6 | 31.6s
  Ep 108: OK | cov=0.976 | viol=  5 | 20.9s
  Ep 109: -- | cov=0.920 | viol= 10 | 32.6s
  Ep 110: OK | cov=0.953 | viol=  0 | 18.1s
  Ep 111: -- | cov=0.842 | viol=  4 | 33.5s
  Ep 112: OK | cov=0.955 | viol=  1 | 19.2s
  Ep 113: OK | cov=0.963 | viol=  6 | 19.5s
  Ep 114: -- | cov=0.935 | viol=  2 | 33.1s
  Ep 115: OK | cov=0.952 | viol=  2 | 16.6s
  Ep 116: -- | cov=0.873 | viol=  3 | 33.1s
  Ep 117: OK | cov=0.953 | viol=  2 | 11.6s
  Ep 118: OK | cov=0.956 | viol=  1 | 27.9s
  Ep 119: OK | cov=0.955 | viol=  1 | 19.9s
  Ep 120: OK | cov=0.953 | viol=  0 | 8.1s
  Ep 121: OK | cov=0.963 | viol=  0 | 18.0s
  Ep 122: OK | cov=0.961 | viol=  3 | 18.1s
  Ep 123: OK | cov=0.954 | viol= 10 | 25.8s
  Ep 124: OK | cov=0.954 | viol=  8 | 12.5s
  Ep 125: OK | cov=0.956 | viol=  1 | 8.2s
  Ep 126: OK | cov=0.962 | viol=  7 | 20.6s
  Ep 127: OK | cov=0.952 | viol=  0 | 11.0s
  Ep 128: OK | cov=0.955 | viol=  3 | 10.0s
  Ep 129: OK | cov=0.963 | viol=  2 | 11.2s
  Ep 130: -- | cov=0.941 | viol=  1 | 32.0s
  Ep 131: OK | cov=0.950 | viol=  7 | 25.3s
  Ep 132: OK | cov=0.961 | viol=  0 | 7.9s
  Ep 133: OK | cov=0.973 | viol=  1 | 9.1s
  Ep 134: OK | cov=0.956 | viol=  3 | 14.2s
  Ep 135: OK | cov=0.950 | viol=  9 | 25.0s
  Ep 136: OK | cov=0.953 | viol=  0 | 16.5s
  Ep 137: OK | cov=0.953 | viol=  2 | 10.8s
  Ep 138: -- | cov=0.944 | viol=  5 | 30.9s
  Ep 139: -- | cov=0.927 | viol=  3 | 33.3s
  Ep 140: OK | cov=0.953 | viol=  0 | 16.8s
  Ep 141: OK | cov=0.969 | viol=  0 | 9.2s
  Ep 142: OK | cov=0.951 | viol=  3 | 19.5s
  Ep 143: -- | cov=0.938 | viol=  3 | 33.5s
  Ep 144: OK | cov=0.983 | viol=  4 | 13.0s
  Ep 145: -- | cov=0.947 | viol= 15 | 32.0s
  Ep 146: -- | cov=0.948 | viol=  7 | 32.1s
  Ep 147: -- | cov=0.904 | viol=  7 | 32.3s
  Ep 148: OK | cov=0.960 | viol=  5 | 24.1s
  Ep 149: OK | cov=0.965 | viol= 17 | 26.8s
  Ep 150: OK | cov=0.980 | viol=  0 | 13.0s
  Ep 151: OK | cov=0.950 | viol=  4 | 22.8s
  Ep 152: OK | cov=0.951 | viol=  2 | 21.1s
  Ep 153: OK | cov=0.952 | viol=  0 | 15.9s
  Ep 154: -- | cov=0.473 | viol=  3 | 32.7s
  Ep 155: OK | cov=0.958 | viol=  2 | 13.7s
  Ep 156: OK | cov=0.956 | viol=  1 | 12.3s
  Ep 157: OK | cov=0.954 | viol=  5 | 29.0s
  Ep 158: OK | cov=0.951 | viol=  5 | 15.0s
  Ep 159: OK | cov=0.952 | viol=  0 | 19.0s
  Ep 160: -- | cov=0.661 | viol=  0 | 32.2s
  Ep 161: OK | cov=0.953 | viol=  5 | 27.8s
  Ep 162: -- | cov=0.938 | viol=  9 | 32.9s
  Ep 163: OK | cov=0.956 | viol=  6 | 12.4s
  Ep 164: -- | cov=0.949 | viol=  3 | 32.2s
  Ep 165: -- | cov=0.563 | viol= 13 | 31.0s
  Ep 166: -- | cov=0.949 | viol=  1 | 31.3s
  Ep 167: -- | cov=0.944 | viol=  7 | 31.2s
  Ep 168: -- | cov=0.935 | viol=  8 | 31.1s
  Ep 169: -- | cov=0.566 | viol=  0 | 30.9s
  Ep 170: OK | cov=0.961 | viol=  1 | 13.2s
  Ep 171: OK | cov=0.954 | viol=  3 | 11.4s
  Ep 172: OK | cov=0.956 | viol=  4 | 26.7s
  Ep 173: -- | cov=0.939 | viol=  2 | 32.4s
  Ep 174: -- | cov=0.943 | viol=  4 | 33.7s
  Ep 175: OK | cov=0.964 | viol= 19 | 29.1s
  Ep 176: -- | cov=0.941 | viol=  0 | 31.2s
  Ep 177: -- | cov=0.008 | viol=  0 | 32.2s
  Ep 178: OK | cov=0.955 | viol=  2 | 15.2s
  Ep 179: -- | cov=0.648 | viol=  3 | 31.5s
  Ep 180: -- | cov=0.939 | viol=  8 | 31.6s
  Ep 181: OK | cov=0.963 | viol=  4 | 18.4s
  Ep 182: OK | cov=0.953 | viol=  3 | 20.8s
  Ep 183: -- | cov=0.948 | viol= 13 | 31.3s
  Ep 184: -- | cov=0.927 | viol=  3 | 31.6s
  Ep 185: -- | cov=0.944 | viol=  2 | 34.1s
  Ep 186: -- | cov=0.678 | viol=  1 | 32.3s
  Ep 187: OK | cov=0.956 | viol=  6 | 24.8s
  Ep 188: OK | cov=0.958 | viol=  1 | 30.5s
  Ep 189: -- | cov=0.929 | viol= 13 | 31.7s
  Ep 190: -- | cov=0.551 | viol=  0 | 31.0s
  Ep 191: OK | cov=0.962 | viol=  4 | 18.8s
  Ep 192: OK | cov=0.956 | viol=  3 | 19.7s
  Ep 193: OK | cov=0.950 | viol=  2 | 11.7s
  Ep 194: -- | cov=0.553 | viol=  1 | 31.6s
  Ep 195: -- | cov=0.891 | viol= 11 | 36.2s
  Ep 196: OK | cov=0.950 | viol= 17 | 24.6s
  Ep 197: -- | cov=0.937 | viol= 11 | 32.7s
  Ep 198: -- | cov=0.908 | viol=  7 | 33.1s
  Ep 199: OK | cov=0.953 | viol=  1 | 18.4s
  Saved partial results (with_contract done)

SUMMARY
  no_contract: 58% (116/200), CI=[0.511, 0.646]
  with_contract: 57% (114/200), CI=[0.501, 0.637]
  Fisher p = 0.9195
Saved to /workspace/results/diffusion_pusht_200ep.json
